// Jest Snapshot v1, https://goo.gl/fbAQLP

exports[`<Reservations /> matches snapshot 1`] = `
<div
  className="wrapper"
>
  <PriceHeader
    nightlyRate={0}
  />
  <form
    className="form"
    onSubmit={[Function]}
  >
    <div
      className="fieldSet"
    >
      <label>
        <span>
          Dates
        </span>
      </label>
      <div
        className="container"
      >
        <input
          onChange={[Function]}
          onClick={[Function]}
          placeholder="Check-in"
          value=""
        />
        <div>
          <svg
            aria-hidden="true"
            className="arrow"
            focusable="false"
            role="presentation"
            viewBox="0 0 24 24"
          >
            <path
              d="m0 12.5a.5.5 0 0 0 .5.5h21.79l-6.15 6.15a.5.5 0 1 0 .71.71l7-7v-.01a.5.5 0 0 0 .14-.35.5.5 0 0 0 -.14-.35v-.01l-7-7a .5.5 0 0 0 -.71.71l6.15 6.15h-21.79a.5.5 0 0 0 -.5.5z"
              fillRule="evenodd"
            />
          </svg>
        </div>
        <input
          onChange={[Function]}
          onClick={[Function]}
          placeholder="Checkout"
          value=""
        />
      </div>
    </div>
    <div />
    <div
      className="fieldSet"
    >
      <label>
        <span>
          Guests
        </span>
      </label>
      <GuestPicker
        addCount={[Function]}
        adults={1}
        infants={0}
        showGuestPicker={false}
        subCount={[Function]}
        toggleGuestPicker={[Function]}
      >
        0
      </GuestPicker>
    </div>
    <input
      onChange={[Function]}
      type="hidden"
      value={1}
    />
    <input
      onChange={[Function]}
      type="hidden"
      value={0}
    />
    <input
      onChange={[Function]}
      type="hidden"
      value={0}
    />
    <div>
      <ReserveButton
        label="Reserve"
      />
      <div
        className="memo"
      >
        You won't be charged yet
      </div>
    </div>
  </form>
</div>
`;
