// Jest Snapshot v1, https://goo.gl/fbAQLP

exports[`<Reserve /> matches the snapshot 1`] = `
<div>
  <div>
    PriceHeader
  </div>
  <div>
    DatePicker
  </div>
  <div>
    GuestPicker
  </div>
  <div>
    PriceChart
  </div>
  <div>
    SubmitButton
  </div>
</div>
`;
